confirmed binary_duration_pulse_0 F1 0.961 unknown 0.856
confirmed binary_duration_pulse_1 F1 0.958 unknown 0.854
confirmed binary_duration_pulse_2 F1 0.957 unknown 0.853
confirmed binary_strict_pulse_0 F1 0.96 unknown 0.856
confirmed binary_strict_pulse_1 F1 0.96 unknown 0.856
confirmed binary_strict_pulse_2 F1 0.96 unknown 0.856
confirmed raw_duration_pulse_0 F1 0.983 unknown 0.965
confirmed raw_duration_pulse_1 F1 0.979 unknown 0.944
confirmed raw_duration_pulse_2 F1 0.981 unknown 0.946
confirmed linear_binary_pulse_0 F1 0.96 unknown 0.856
confirmed linear_binary_pulse_1 F1 0.958 unknown 0.856
confirmed linear_binary_pulse_2 F1 0.957 unknown 0.853
confirmed sample20_latched_pulse_0 F1 0.981 unknown 0.96
confirmed sample20_latched_pulse_1 F1 0.979 unknown 0.951
confirmed sample20_latched_pulse_2 F1 0.982 unknown 0.952
confirmed sample96_sparse_pulse_0 F1 0.822 unknown 0.743
confirmed sample96_sparse_pulse_1 F1 0.827 unknown 0.717
confirmed sample96_sparse_pulse_2 F1 0.801 unknown 0.73
confirmed recurrent32_pulse_0 F1 0.939 unknown 0.817
confirmed recurrent32_pulse_1 F1 0.933 unknown 0.942
confirmed recurrent32_pulse_2 F1 0.913 unknown 0.847
confirmed template64_pulse_0 F1 0.966 unknown 0.998
confirmed template64_pulse_1 F1 0.966 unknown 0.998
confirmed template64_pulse_2 F1 0.966 unknown 0.998
confirmed binary_duration_biphase_0 F1 0.979 unknown 0.974
confirmed binary_duration_biphase_1 F1 0.97 unknown 0.944
confirmed binary_duration_biphase_2 F1 0.971 unknown 0.985
confirmed binary_strict_biphase_0 F1 0.978 unknown 0.98
confirmed binary_strict_biphase_1 F1 0.971 unknown 0.944
confirmed binary_strict_biphase_2 F1 0.971 unknown 0.99
confirmed raw_duration_biphase_0 F1 0.976 unknown 0.99
confirmed raw_duration_biphase_1 F1 0.966 unknown 0.95
confirmed raw_duration_biphase_2 F1 0.976 unknown 0.992
confirmed linear_binary_biphase_0 F1 0.976 unknown 0.967
confirmed linear_binary_biphase_1 F1 0.974 unknown 0.965
confirmed linear_binary_biphase_2 F1 0.975 unknown 0.973
confirmed sample20_latched_biphase_0 F1 0.851 unknown 0.812
confirmed sample20_latched_biphase_1 F1 0.857 unknown 0.779
confirmed sample20_latched_biphase_2 F1 0.85 unknown 0.854
confirmed sample96_sparse_biphase_0 F1 0.865 unknown 0.797
confirmed sample96_sparse_biphase_1 F1 0.851 unknown 0.847
confirmed sample96_sparse_biphase_2 F1 0.873 unknown 0.818
confirmed recurrent32_biphase_0 F1 0.796 unknown 0.631
confirmed recurrent32_biphase_1 F1 0.738 unknown 0.628
confirmed recurrent32_biphase_2 F1 0.757 unknown 0.708
confirmed template64_biphase_0 F1 0.931 unknown 0.989
confirmed template64_biphase_1 F1 0.931 unknown 0.989
confirmed template64_biphase_2 F1 0.931 unknown 0.989
confirmed binary_duration_clockdata_0 F1 0.968 unknown 0.931
confirmed binary_duration_clockdata_1 F1 0.968 unknown 0.929
confirmed binary_duration_clockdata_2 F1 0.968 unknown 0.928
confirmed binary_strict_clockdata_0 F1 0.89 unknown 0.933
confirmed binary_strict_clockdata_1 F1 0.89 unknown 0.933
confirmed binary_strict_clockdata_2 F1 0.89 unknown 0.933
confirmed raw_duration_clockdata_0 F1 0.967 unknown 0.926
confirmed raw_duration_clockdata_1 F1 0.969 unknown 0.929
confirmed raw_duration_clockdata_2 F1 0.968 unknown 0.929
confirmed linear_binary_clockdata_0 F1 0.965 unknown 0.925
confirmed linear_binary_clockdata_1 F1 0.965 unknown 0.92
confirmed linear_binary_clockdata_2 F1 0.955 unknown 0.908
confirmed sample20_latched_clockdata_0 F1 0.916 unknown 0.779
confirmed sample20_latched_clockdata_1 F1 0.916 unknown 0.813
confirmed sample20_latched_clockdata_2 F1 0.915 unknown 0.81
confirmed sample96_sparse_clockdata_0 F1 0.967 unknown 0.946
confirmed sample96_sparse_clockdata_1 F1 0.965 unknown 0.943
confirmed sample96_sparse_clockdata_2 F1 0.976 unknown 0.968
confirmed recurrent32_clockdata_0 F1 0.868 unknown 0.828
confirmed recurrent32_clockdata_1 F1 0.877 unknown 0.756
confirmed recurrent32_clockdata_2 F1 0.865 unknown 0.806
confirmed template64_clockdata_0 F1 0.891 unknown 0.999
confirmed template64_clockdata_1 F1 0.891 unknown 0.999
confirmed template64_clockdata_2 F1 0.891 unknown 0.999
confirmed binary_duration_context_0 F1 0.971 unknown 0.994
confirmed binary_duration_context_1 F1 0.974 unknown 0.994
confirmed binary_duration_context_2 F1 0.97 unknown 0.994
confirmed binary_strict_context_0 F1 0.968 unknown 0.983
confirmed binary_strict_context_1 F1 0.97 unknown 0.994
confirmed binary_strict_context_2 F1 0.972 unknown 0.994
confirmed raw_duration_context_0 F1 0.901 unknown 0.957
confirmed raw_duration_context_1 F1 0.905 unknown 0.947
confirmed raw_duration_context_2 F1 0.897 unknown 0.963
confirmed linear_binary_context_0 F1 0.495 unknown 0.989
confirmed linear_binary_context_1 F1 0.48 unknown 0.994
confirmed linear_binary_context_2 F1 0.467 unknown 0.975
confirmed sample20_latched_context_0 F1 0.466 unknown 0.837
confirmed sample20_latched_context_1 F1 0.459 unknown 0.818
confirmed sample20_latched_context_2 F1 0.421 unknown 0.803
confirmed sample96_sparse_context_0 F1 0.566 unknown 0.631
confirmed sample96_sparse_context_1 F1 0.579 unknown 0.688
confirmed sample96_sparse_context_2 F1 0.552 unknown 0.673
confirmed recurrent32_context_0 F1 0.477 unknown 0.839
confirmed recurrent32_context_1 F1 0.436 unknown 0.614
confirmed recurrent32_context_2 F1 0.456 unknown 0.704
confirmed template64_context_0 F1 0.657 unknown 0.607
confirmed template64_context_1 F1 0.664 unknown 0.61
confirmed template64_context_2 F1 0.665 unknown 0.595
confirmed binary_duration_transfer_0 F1 0.978 unknown 0.979
confirmed binary_duration_transfer_1 F1 0.974 unknown 0.99
confirmed binary_duration_transfer_2 F1 0.974 unknown 0.956
confirmed binary_strict_transfer_0 F1 0.971 unknown 0.994
confirmed binary_strict_transfer_1 F1 0.965 unknown 0.996
confirmed binary_strict_transfer_2 F1 0.971 unknown 0.987
confirmed raw_duration_transfer_0 F1 0.981 unknown 0.984
confirmed raw_duration_transfer_1 F1 0.975 unknown 0.976
confirmed raw_duration_transfer_2 F1 0.975 unknown 0.984
confirmed linear_binary_transfer_0 F1 0.972 unknown 0.985
confirmed linear_binary_transfer_1 F1 0.973 unknown 0.984
confirmed linear_binary_transfer_2 F1 0.972 unknown 0.984
confirmed sample20_latched_transfer_0 F1 0.682 unknown 0.692
confirmed sample20_latched_transfer_1 F1 0.779 unknown 0.646
confirmed sample20_latched_transfer_2 F1 0.756 unknown 0.633
confirmed sample96_sparse_transfer_0 F1 0.871 unknown 0.889
confirmed sample96_sparse_transfer_1 F1 0.879 unknown 0.925
confirmed sample96_sparse_transfer_2 F1 0.867 unknown 0.884
confirmed recurrent32_transfer_0 F1 0.759 unknown 0.706
confirmed recurrent32_transfer_1 F1 0.789 unknown 0.668
confirmed recurrent32_transfer_2 F1 0.834 unknown 0.696
confirmed template64_transfer_0 F1 0.975 unknown 1.0
confirmed template64_transfer_1 F1 0.973 unknown 1.0
confirmed template64_transfer_2 F1 0.972 unknown 1.0
