adapted binary_duration_pulse_0
adapted binary_strict_pulse_0
adapted raw_duration_pulse_0
adapted linear_binary_pulse_0
adapted sample20_latched_pulse_0
adapted sample96_sparse_pulse_0
adapted recurrent32_pulse_0
adapted template64_pulse_0
adapted binary_duration_pulse_1
adapted binary_strict_pulse_1
adapted raw_duration_pulse_1
adapted linear_binary_pulse_1
adapted sample20_latched_pulse_1
adapted sample96_sparse_pulse_1
adapted recurrent32_pulse_1
adapted template64_pulse_1
adapted binary_duration_pulse_2
adapted binary_strict_pulse_2
adapted raw_duration_pulse_2
adapted linear_binary_pulse_2
adapted sample20_latched_pulse_2
adapted sample96_sparse_pulse_2
adapted recurrent32_pulse_2
adapted template64_pulse_2
adapted binary_duration_biphase_0
adapted binary_strict_biphase_0
adapted raw_duration_biphase_0
adapted linear_binary_biphase_0
adapted sample20_latched_biphase_0
adapted sample96_sparse_biphase_0
adapted recurrent32_biphase_0
adapted template64_biphase_0
adapted binary_duration_biphase_1
adapted binary_strict_biphase_1
adapted raw_duration_biphase_1
adapted linear_binary_biphase_1
adapted sample20_latched_biphase_1
adapted sample96_sparse_biphase_1
adapted recurrent32_biphase_1
adapted template64_biphase_1
adapted binary_duration_biphase_2
adapted binary_strict_biphase_2
adapted raw_duration_biphase_2
adapted linear_binary_biphase_2
adapted sample20_latched_biphase_2
adapted sample96_sparse_biphase_2
adapted recurrent32_biphase_2
adapted template64_biphase_2
adapted binary_duration_clockdata_0
adapted binary_strict_clockdata_0
adapted raw_duration_clockdata_0
adapted linear_binary_clockdata_0
adapted sample20_latched_clockdata_0
adapted sample96_sparse_clockdata_0
adapted recurrent32_clockdata_0
adapted template64_clockdata_0
adapted binary_duration_clockdata_1
adapted binary_strict_clockdata_1
adapted raw_duration_clockdata_1
adapted linear_binary_clockdata_1
adapted sample20_latched_clockdata_1
adapted sample96_sparse_clockdata_1
adapted recurrent32_clockdata_1
adapted template64_clockdata_1
adapted binary_duration_clockdata_2
adapted binary_strict_clockdata_2
adapted raw_duration_clockdata_2
adapted linear_binary_clockdata_2
adapted sample20_latched_clockdata_2
adapted sample96_sparse_clockdata_2
adapted recurrent32_clockdata_2
adapted template64_clockdata_2
adapted binary_duration_context_0
adapted binary_strict_context_0
adapted raw_duration_context_0
adapted linear_binary_context_0
adapted sample20_latched_context_0
adapted sample96_sparse_context_0
adapted recurrent32_context_0
adapted template64_context_0
adapted binary_duration_context_1
adapted binary_strict_context_1
adapted raw_duration_context_1
adapted linear_binary_context_1
adapted sample20_latched_context_1
adapted sample96_sparse_context_1
adapted recurrent32_context_1
adapted template64_context_1
adapted binary_duration_context_2
adapted binary_strict_context_2
adapted raw_duration_context_2
adapted linear_binary_context_2
adapted sample20_latched_context_2
adapted sample96_sparse_context_2
adapted recurrent32_context_2
adapted template64_context_2
adapted binary_duration_transfer_0
adapted binary_strict_transfer_0
adapted raw_duration_transfer_0
adapted linear_binary_transfer_0
adapted sample20_latched_transfer_0
adapted sample96_sparse_transfer_0
adapted recurrent32_transfer_0
adapted template64_transfer_0
adapted binary_duration_transfer_1
adapted binary_strict_transfer_1
adapted raw_duration_transfer_1
adapted linear_binary_transfer_1
adapted sample20_latched_transfer_1
adapted sample96_sparse_transfer_1
adapted recurrent32_transfer_1
adapted template64_transfer_1
adapted binary_duration_transfer_2
adapted binary_strict_transfer_2
adapted raw_duration_transfer_2
adapted linear_binary_transfer_2
adapted sample20_latched_transfer_2
adapted sample96_sparse_transfer_2
adapted recurrent32_transfer_2
adapted template64_transfer_2
