pulse run8_block_guard 11 F1 0.968 unknown 0.916
pulse run12_block_guard 11 F1 0.968 unknown 0.916
pulse run16_block_wide 11 F1 0.972 unknown 0.916
pulse run16_block_guard 11 F1 0.968 unknown 0.916
pulse run20_block_guard 11 F1 0.968 unknown 0.916
pulse run16_guard_unfiltered 11 F1 0.865 unknown 0.88
pulse run16_linear_guard 11 F1 0.966 unknown 1.0
pulse template64_guard 11 F1 0.963 unknown 1.0
pulse recurrent32_wide 11 F1 0.454 unknown 0.509
pulse recurrent32_wide 29 F1 0.58 unknown 0.665
pulse recurrent32_wide 47 F1 0.513 unknown 0.713
pulse recurrent32_multiscale_wide 11 F1 0.941 unknown 0.856
pulse recurrent32_multiscale_wide 29 F1 0.694 unknown 0.844
pulse recurrent32_multiscale_wide 47 F1 0.777 unknown 0.509
pulse recurrent32_modular_wide 11 F1 0.743 unknown 0.527
pulse recurrent32_modular_wide 29 F1 0.833 unknown 0.605
pulse recurrent32_modular_wide 47 F1 0.706 unknown 0.719
pulse boolean64_r90_wide 11 F1 0.802 unknown 0.353
pulse boolean64_r90_wide 29 F1 0.802 unknown 0.353
pulse boolean64_r90_wide 47 F1 0.802 unknown 0.353
pulse boolean64_r30_wide 11 F1 0.76 unknown 0.695
pulse boolean64_r30_wide 29 F1 0.76 unknown 0.695
pulse boolean64_r30_wide 47 F1 0.76 unknown 0.695
pulse sample20_poly_wide 11 F1 0.635 unknown 0.635
biphase run8_block_guard 11 F1 0.953 unknown 0.946
biphase run12_block_guard 11 F1 0.966 unknown 0.988
biphase run16_block_wide 11 F1 0.964 unknown 0.94
biphase run16_block_guard 11 F1 0.948 unknown 0.94
biphase run20_block_guard 11 F1 0.948 unknown 0.94
biphase run16_guard_unfiltered 11 F1 0.814 unknown 0.899
biphase run16_linear_guard 11 F1 0.961 unknown 0.982
biphase template64_guard 11 F1 0.915 unknown 0.97
biphase recurrent32_wide 11 F1 0.378 unknown 0.054
biphase recurrent32_wide 29 F1 0.382 unknown 0.065
biphase recurrent32_wide 47 F1 0.029 unknown 0.952
biphase recurrent32_multiscale_wide 11 F1 0.668 unknown 0.649
biphase recurrent32_multiscale_wide 29 F1 0.668 unknown 0.768
biphase recurrent32_multiscale_wide 47 F1 0.711 unknown 0.643
biphase recurrent32_modular_wide 11 F1 0.657 unknown 0.774
biphase recurrent32_modular_wide 29 F1 0.426 unknown 0.839
biphase recurrent32_modular_wide 47 F1 0.363 unknown 0.363
biphase boolean64_r90_wide 11 F1 0.403 unknown 0.006
biphase boolean64_r90_wide 29 F1 0.403 unknown 0.006
biphase boolean64_r90_wide 47 F1 0.403 unknown 0.006
biphase boolean64_r30_wide 11 F1 0.59 unknown 0.565
biphase boolean64_r30_wide 29 F1 0.59 unknown 0.565
biphase boolean64_r30_wide 47 F1 0.59 unknown 0.565
biphase sample20_poly_wide 11 F1 0.012 unknown 0.994
clockdata run8_block_guard 11 F1 0.887 unknown 0.94
clockdata run12_block_guard 11 F1 0.887 unknown 0.94
clockdata run16_block_wide 11 F1 0.981 unknown 0.934
clockdata run16_block_guard 11 F1 0.887 unknown 0.94
clockdata run20_block_guard 11 F1 0.887 unknown 0.94
clockdata run16_guard_unfiltered 11 F1 0.816 unknown 0.904
clockdata run16_linear_guard 11 F1 0.887 unknown 0.94
clockdata template64_guard 11 F1 0.893 unknown 0.994
clockdata recurrent32_wide 11 F1 0.39 unknown 0.132
clockdata recurrent32_wide 29 F1 0.368 unknown 0.192
clockdata recurrent32_wide 47 F1 0.411 unknown 0.0
clockdata recurrent32_multiscale_wide 11 F1 0.775 unknown 0.856
clockdata recurrent32_multiscale_wide 29 F1 0.849 unknown 0.707
clockdata recurrent32_multiscale_wide 47 F1 0.647 unknown 0.754
clockdata recurrent32_modular_wide 11 F1 0.796 unknown 0.587
clockdata recurrent32_modular_wide 29 F1 0.833 unknown 0.707
clockdata recurrent32_modular_wide 47 F1 0.848 unknown 0.743
clockdata boolean64_r90_wide 11 F1 0.381 unknown 0.168
clockdata boolean64_r90_wide 29 F1 0.381 unknown 0.168
clockdata boolean64_r90_wide 47 F1 0.381 unknown 0.168
clockdata boolean64_r30_wide 11 F1 0.684 unknown 0.635
clockdata boolean64_r30_wide 29 F1 0.684 unknown 0.635
clockdata boolean64_r30_wide 47 F1 0.684 unknown 0.635
clockdata sample20_poly_wide 11 F1 0.16 unknown 0.814
context run8_block_guard 11 F1 0.469 unknown 0.958
context run12_block_guard 11 F1 0.461 unknown 0.97
context run16_block_wide 11 F1 0.636 unknown 0.833
context run16_block_guard 11 F1 0.661 unknown 0.958
context run20_block_guard 11 F1 0.596 unknown 0.958
context run16_guard_unfiltered 11 F1 0.74 unknown 0.935
context run16_linear_guard 11 F1 0.475 unknown 0.923
context template64_guard 11 F1 0.658 unknown 0.613
context recurrent32_wide 11 F1 0.415 unknown 0.262
context recurrent32_wide 29 F1 0.431 unknown 0.595
context recurrent32_wide 47 F1 0.414 unknown 0.589
context recurrent32_multiscale_wide 11 F1 0.439 unknown 0.571
context recurrent32_multiscale_wide 29 F1 0.419 unknown 0.482
context recurrent32_multiscale_wide 47 F1 0.42 unknown 0.839
context recurrent32_modular_wide 11 F1 0.422 unknown 0.601
context recurrent32_modular_wide 29 F1 0.391 unknown 0.714
context recurrent32_modular_wide 47 F1 0.444 unknown 0.768
context boolean64_r90_wide 11 F1 0.431 unknown 0.565
context boolean64_r90_wide 29 F1 0.431 unknown 0.565
context boolean64_r90_wide 47 F1 0.431 unknown 0.565
context boolean64_r30_wide 11 F1 0.445 unknown 0.435
context boolean64_r30_wide 29 F1 0.445 unknown 0.435
context boolean64_r30_wide 47 F1 0.445 unknown 0.435
context sample20_poly_wide 11 F1 0.442 unknown 0.595
