pulse run16_binary_guard 11 F1 0.956 unknown 0.868
pulse run16_binary_slack 11 F1 0.962 unknown 0.868
pulse run16_binary_linear 11 F1 0.964 unknown 0.868
pulse run16_raw_slack 11 F1 0.974 unknown 0.916
pulse sample20_poly_latched 11 F1 0.982 unknown 0.964
pulse sample96_poly_sparse 11 F1 0.859 unknown 0.737
pulse recurrent32_multiscale_latched 11 F1 0.93 unknown 0.964
pulse recurrent32_multiscale_latched 29 F1 0.92 unknown 0.964
pulse recurrent32_multiscale_latched 47 F1 0.911 unknown 0.826
biphase run16_binary_guard 11 F1 0.968 unknown 0.958
biphase run16_binary_slack 11 F1 0.981 unknown 0.958
biphase run16_binary_linear 11 F1 0.984 unknown 0.964
biphase run16_raw_slack 11 F1 0.961 unknown 0.94
biphase sample20_poly_latched 11 F1 0.839 unknown 0.732
biphase sample96_poly_sparse 11 F1 0.86 unknown 0.732
biphase recurrent32_multiscale_latched 11 F1 0.793 unknown 0.702
biphase recurrent32_multiscale_latched 29 F1 0.744 unknown 0.798
biphase recurrent32_multiscale_latched 47 F1 0.749 unknown 0.768
clockdata run16_binary_guard 11 F1 0.887 unknown 0.94
clockdata run16_binary_slack 11 F1 0.912 unknown 0.94
clockdata run16_binary_linear 11 F1 0.908 unknown 0.94
clockdata run16_raw_slack 11 F1 0.912 unknown 0.94
clockdata sample20_poly_latched 11 F1 0.92 unknown 0.826
clockdata sample96_poly_sparse 11 F1 0.966 unknown 0.94
clockdata recurrent32_multiscale_latched 11 F1 0.87 unknown 0.856
clockdata recurrent32_multiscale_latched 29 F1 0.895 unknown 0.796
clockdata recurrent32_multiscale_latched 47 F1 0.876 unknown 0.808
context run16_binary_guard 11 F1 0.968 unknown 0.994
context run16_binary_slack 11 F1 0.982 unknown 0.988
context run16_binary_linear 11 F1 0.527 unknown 0.988
context run16_raw_slack 11 F1 0.674 unknown 0.952
context sample20_poly_latched 11 F1 0.477 unknown 0.815
context sample96_poly_sparse 11 F1 0.568 unknown 0.661
context recurrent32_multiscale_latched 11 F1 0.481 unknown 0.798
context recurrent32_multiscale_latched 29 F1 0.439 unknown 0.571
context recurrent32_multiscale_latched 47 F1 0.425 unknown 0.685
