pulse instant 11 F1 0.397 unknown 0.0
pulse sample20_linear 11 F1 0.787 unknown 0.659
pulse sample20_poly 11 F1 0.87 unknown 0.551
pulse sample48_linear 11 F1 0.967 unknown 0.928
pulse recurrent32 11 F1 0.497 unknown 0.515
pulse recurrent32_multiscale 11 F1 0.951 unknown 0.916
pulse recurrent32_modular 11 F1 0.672 unknown 0.862
pulse boolean64_r90 11 F1 0.802 unknown 0.353
pulse boolean64_r30 11 F1 0.759 unknown 0.701
pulse run16_linear 11 F1 0.972 unknown 1.0
pulse run16_block 11 F1 0.985 unknown 1.0
pulse run16_full 11 F1 0.988 unknown 1.0
pulse template32 11 F1 0.969 unknown 1.0
biphase instant 11 F1 0.398 unknown 0.0
biphase sample20_linear 11 F1 0.248 unknown 0.69
biphase sample20_poly 11 F1 0.393 unknown 0.101
biphase sample48_linear 11 F1 0.83 unknown 0.75
biphase recurrent32 11 F1 0.378 unknown 0.054
biphase recurrent32_multiscale 11 F1 0.654 unknown 0.673
biphase recurrent32_modular 11 F1 0.645 unknown 0.78
biphase boolean64_r90 11 F1 0.225 unknown 0.708
biphase boolean64_r30 11 F1 0.595 unknown 0.565
biphase run16_linear 11 F1 0.976 unknown 0.976
biphase run16_block 11 F1 0.979 unknown 0.988
biphase run16_full 11 F1 0.98 unknown 0.988
biphase template32 11 F1 0.923 unknown 0.964
clockdata instant 11 F1 0.4 unknown 0.0
clockdata sample20_linear 11 F1 0.39 unknown 0.174
clockdata sample20_poly 11 F1 0.411 unknown 0.126
clockdata sample48_linear 11 F1 0.955 unknown 0.916
clockdata recurrent32 11 F1 0.425 unknown 0.036
clockdata recurrent32_multiscale 11 F1 0.789 unknown 0.856
clockdata recurrent32_modular 11 F1 0.61 unknown 0.647
clockdata boolean64_r90 11 F1 0.381 unknown 0.168
clockdata boolean64_r30 11 F1 0.696 unknown 0.629
clockdata run16_linear 11 F1 0.966 unknown 0.934
clockdata run16_block 11 F1 0.981 unknown 0.934
clockdata run16_full 11 F1 0.981 unknown 0.934
clockdata template32 11 F1 0.916 unknown 0.994
context instant 11 F1 0.398 unknown 0.0
context sample20_linear 11 F1 0.423 unknown 0.565
context sample20_poly 11 F1 0.163 unknown 0.958
context sample48_linear 11 F1 0.46 unknown 0.78
context recurrent32 11 F1 0.413 unknown 0.262
context recurrent32_multiscale 11 F1 0.451 unknown 0.637
context recurrent32_modular 11 F1 0.429 unknown 0.601
context boolean64_r90 11 F1 0.431 unknown 0.565
context boolean64_r30 11 F1 0.439 unknown 0.435
context run16_linear 11 F1 0.474 unknown 0.756
context run16_block 11 F1 0.873 unknown 0.804
context run16_full 11 F1 0.839 unknown 0.786
context template32 11 F1 0.599 unknown 0.613
